// Jest Snapshot v1, https://goo.gl/fbAQLP

exports[`NavBar App should match snapshot 1`] = `undefined`;
