// Jest Snapshot v1, https://goo.gl/fbAQLP

exports[`App App should match snapshot 1`] = `
<div
  className="App"
>
  <NavBar />
</div>
`;
