// Jest Snapshot v1, https://goo.gl/fbAQLP

exports[`Palettes App should match snapshot 1`] = `
<h1>
  Palettes
</h1>
`;
